running build_ext
W0527 02:30:42.342000 3996332 .venv-cu128/lib/python3.12/site-packages/torch/utils/cpp_extension.py:680] Attempted to use ninja as the BuildExtension backend but we could not find ninja.. Falling back to using the slow distutils backend.
copying build/lib.linux-x86_64-cpython-312/rational_opt/_C.cpython-312-x86_64-linux-gnu.so -> activation/rational_opt
{"event": "prepared", "train_tokens": 100000000, "val_tokens": 249750}
Warning: You are sending unauthenticated requests to the HF Hub. Please set a HF_TOKEN to enable higher rate limits and faster downloads.
Warning: You are sending unauthenticated requests to the HF Hub. Please set a HF_TOKEN to enable higher rate limits and faster downloads.
{"activation": "rlb_fused_fixed_strong_ffn", "batch_size_per_gpu": 32, "birational_alpha_init": 0.001, "birational_denominator_init": 0.001, "birational_eps": 1e-06, "d_model": 768, "dataset": "Salesforce/wikitext", "dataset_config": "wikitext-103-raw-v1", "event": "config", "ffn_dim": 2048, "global_tokens_per_step": 32768, "grad_accum": 1, "heads": 12, "layers": 12, "muon_adjust_lr_fn": null, "muon_momentum": null, "muon_ns_steps": null, "optimizer": "rational_adaptive_metric_onpolicy", "optimizer_lr": 0.0003, "optimizer_min_lr": 3e-05, "optimizer_weight_decay": 0.1, "params": 123553824, "post_rational_init": "identity", "rapm_beta": null, "rapm_groups": null, "rapm_hidden_dim": null, "rapm_kappa": null, "rational_adaptive_coeff_depth_gain": 0.2, "rational_adaptive_coeff_end": 0.65, "rational_adaptive_coeff_late_decay": 0.35, "rational_adaptive_coeff_max_blend": 0.85, "rational_adaptive_coeff_metric_damping": 0.03, "rational_adaptive_coeff_norm_clip": 3.0, "rational_adaptive_coeff_start": 0.02, "rational_adaptive_coeff_strength": 0.0, "rational_adaptive_every": 5, "rational_adaptive_matrix_depth_gain": 0.1, "rational_adaptive_matrix_strength": 0.55, "rational_adaptive_matrix_time_gain": 0.15, "rational_adaptive_max_scale": 2.0, "rational_adaptive_min_scale": 0.5, "rational_adaptive_quotient_strength": 0.0, "rational_adaptive_stat_every": 4, "rational_adaptive_stat_samples": 512, "rational_basis_count": null, "rational_basis_eps": 1e-06, "rational_basis_groups": null, "rational_basis_hidden_dim": null, "rational_coeff_atom_lr_scale": 2.25, "rational_coeff_center_lr_scale": 0.1, "rational_coeff_curve_decay": 0.95, "rational_coeff_den_lr_scale": 1.125, "rational_coeff_eps": 1e-08, "rational_coeff_num_lr_scale": 1.0, "rational_coeff_other_lr_scale": 0.25, "rational_coeff_parameters": 2592, "rational_coeff_probe_points": 257, "rational_coeff_probe_range": 5.0, "rational_coeff_trust": 0.01, "rational_group_size": 256, "rational_init": "silu", "rational_jacobian_every": null, "rational_jacobian_matrix_strength": null, "rational_jacobian_max_scale": null, "rational_jacobian_min_scale": null, "rational_onpolicy_activity_gain_max": 1.25, "rational_onpolicy_activity_gain_min": 0.75, "rational_onpolicy_pressure_clip": 1.25, "rational_onpolicy_pressure_weight": 0.25, "rational_onpolicy_rational_activity_weight": 0.1, "rational_onpolicy_stat_decay": 0.95, "rational_quotient_strength": null, "rcq_base_init": null, "rcq_beta": null, "rcq_coeff_limit": null, "rcq_groups": null, "rcq_hidden_dim": null, "rcq_init": null, "rcq_input_affine": null, "rda_base_init": null, "rda_coeff_limit": null, "rda_denominator_limit": null, "rda_dynamic_init": null, "rda_groups": null, "rda_hidden_dim": null, "rda_input_affine": null, "rda_moment_affine_init": null, "rgc_base_init": null, "rgc_beta": null, "rgc_coeff_limit": null, "rgc_groups": null, "rgc_hidden_dim": null, "rgc_init": null, "rgc_input_affine": null, "rgc_moment_init": null, "rhg_conditional_value_basis_count": null, "rhg_conditional_value_dim": null, "rhg_diag_activation": null, "rhg_diag_groups": null, "rhg_gate_basis_count": null, "rhg_gate_groups": null, "rhg_gate_rank": null, "rhg_gate_residual": null, "rhg_hidden_dim": null, "rhg_value_activation": null, "rhg_value_residual": null, "rhg_value_residual_condition": null, "rhg_value_residual_condition_init": null, "rhg_value_residual_condition_mode": null, "rhg_value_residual_cross_rank": null, "rhg_value_residual_moment_condition": null, "rhg_value_residual_normalized": null, "rhg_value_residual_odd": null, "rhg_value_residual_safe_gate_multiplier_init": null, "rhg_value_residual_scale_init": null, "rhg_value_residual_scale_mode": null, "rhg_value_residual_scale_schedule": null, "rkdm_expert_rank": null, "rkdm_experts": null, "rkdm_hidden_dim": null, "rkdm_latent_groups": null, "rkdm_query_rank": null, "rkm_expert_rank": null, "rkm_experts": null, "rkm_hidden_dim": null, "rkm_latent_groups": null, "rkm_query_rank": null, "rlb_atom_scale_init": null, "rlb_atom_scale_limit": 1.0, "rlb_base_init": "silu", "rlb_beta": 0.75, "rlb_center_odd": false, "rlb_centers": [-1.5, -0.5, 0.5, 1.5], "rlb_coeff_limit": 0.6, "rlb_fused": true, "rlb_gauge_depth_gain": 0.15, "rlb_gauge_end": 0.35, "rlb_gauge_every": 5, "rlb_gauge_max_log_step": 0.03, "rlb_gauge_parameters": 2592, "rlb_gauge_start": 0.03, "rlb_gauge_strength": 0.5, "rlb_groups": 12, "rlb_hidden_dim": 3072, "rlb_input_affine": false, "rlb_train_centers": false, "rlbx_base_init": null, "rlbx_beta": null, "rlbx_centers": null, "rlbx_coeff_limit": null, "rlbx_groups": null, "rlbx_hidden_dim": null, "rlbx_input_affine": null, "rma_base_init": null, "rma_basis_center": null, "rma_basis_den_scale_init": null, "rma_basis_init": null, "rma_basis_mode": null, "rma_coeff_limit": null, "rma_groups": null, "rma_hidden_dim": null, "rma_input_affine": null, "rma_linear_skip_init": null, "rma_moment_affine_init": null, "rma_normalize": null, "rma_output_norm_init": null, "rma_pair_beta": null, "rma_pair_init": null, "rma_radial_init": null, "rmb_basis_count": null, "rmb_groups": null, "rmb_hidden_dim": null, "rmb_mix_init": null, "rpb_basis_count": null, "rpb_groups": null, "rpb_hidden_dim": null, "rpb_mode": null, "rpb_normalize": null, "rpf_curvature": null, "rpf_groups": null, "rpf_hidden_dim": null, "rqm_beta": null, "rqm_coeff_groups": null, "rqm_hidden_dim": null, "rqm_kappa": null, "rqm_latent_groups": null, "rqm_rank": null, "rsm_even_basis_scale": null, "rsm_even_gate_scale": null, "rsm_groups": null, "rsm_hidden_dim": null, "rsm_odd_scale": null, "rwf_groups": null, "rwf_hidden_dim": null, "rwf_init": null, "seed": 1337, "seq_len": 256, "steps": 3051, "tokenizer": "gpt2", "train_tokens": 100000000, "val_tokens": 249750, "world_size": 4}
{"activation": "rlb_fused_fixed_strong_ffn", "event": "train", "loss": 10.979034423828125, "lr": 1.4999999999999998e-06, "seconds_per_step": 0.9156919438391924, "step": 1, "tokens_per_second": 35784.960455821696}
{"activation": "rlb_fused_fixed_strong_ffn", "event": "train", "loss": 8.289103739189379, "lr": 0.00015, "seconds_per_step": 0.2305507054552436, "step": 100, "tokens_per_second": 142129.25497363613}
{"activation": "rlb_fused_fixed_strong_ffn", "event": "train", "loss": 6.235034823417664, "lr": 0.0003, "seconds_per_step": 0.22926032900810242, "step": 200, "tokens_per_second": 142929.21999096463}
{"activation": "rlb_fused_fixed_strong_ffn", "event": "eval", "step": 250, "val_loss": 5.504462242126465, "val_ppl": 245.7862466444437}
{"activation": "rlb_fused_fixed_strong_ffn", "event": "train", "loss": 5.550528616905212, "lr": 0.0002991974931904883, "seconds_per_step": 0.23125683467835187, "step": 300, "tokens_per_second": 141695.27160386858}
{"activation": "rlb_fused_fixed_strong_ffn", "event": "train", "loss": 5.179312300682068, "lr": 0.0002967672339469152, "seconds_per_step": 0.2324434126727283, "step": 400, "tokens_per_second": 140971.9450563055}
{"activation": "rlb_fused_fixed_strong_ffn", "event": "train", "loss": 4.938585152626038, "lr": 0.0002927386196930815, "seconds_per_step": 0.23213921969756485, "step": 500, "tokens_per_second": 141156.67332168488}
{"activation": "rlb_fused_fixed_strong_ffn", "event": "eval", "step": 500, "val_loss": 4.7806243896484375, "val_ppl": 119.17874079005449}
{"activation": "rlb_fused_fixed_strong_ffn", "event": "train", "loss": 4.745901560783386, "lr": 0.0002871605180843529, "seconds_per_step": 0.23319018220528961, "step": 600, "tokens_per_second": 140520.4957177511}
{"activation": "rlb_fused_fixed_strong_ffn", "event": "train", "loss": 4.60697979927063, "lr": 0.0002801005922748156, "seconds_per_step": 0.23305637979879976, "step": 700, "tokens_per_second": 140601.17139161343}
{"activation": "rlb_fused_fixed_strong_ffn", "event": "eval", "step": 750, "val_loss": 4.438187122344971, "val_ppl": 84.62139429971597}
{"activation": "rlb_fused_fixed_strong_ffn", "event": "train", "loss": 4.479982118606568, "lr": 0.00027164448015373646, "seconds_per_step": 0.232341482732445, "step": 800, "tokens_per_second": 141033.79049936723}
{"activation": "rlb_fused_fixed_strong_ffn", "event": "train", "loss": 4.381576633453369, "lr": 0.0002618947555459671, "seconds_per_step": 0.231718726772815, "step": 900, "tokens_per_second": 141412.82604287253}
{"activation": "rlb_fused_fixed_strong_ffn", "event": "train", "loss": 4.2913936376571655, "lr": 0.00025096968397707634, "seconds_per_step": 0.2319057191722095, "step": 1000, "tokens_per_second": 141298.80072369843}
{"activation": "rlb_fused_fixed_strong_ffn", "event": "eval", "step": 1000, "val_loss": 4.213313579559326, "val_ppl": 67.5801012533775}
{"activation": "rlb_fused_fixed_strong_ffn", "event": "train", "loss": 4.20398136138916, "lr": 0.0002390017880959545, "seconds_per_step": 0.23297708928585054, "step": 1100, "tokens_per_second": 140649.02304533217}
{"activation": "rlb_fused_fixed_strong_ffn", "event": "train", "loss": 4.125153405666351, "lr": 0.00022613624015651394, "seconds_per_step": 0.2328300833143294, "step": 1200, "tokens_per_second": 140737.82706061212}
{"activation": "rlb_fused_fixed_strong_ffn", "event": "eval", "step": 1250, "val_loss": 4.0428314208984375, "val_ppl": 56.98747010202189}
{"activation": "rlb_fused_fixed_strong_ffn", "event": "train", "loss": 4.055836052894592, "lr": 0.0002125291010579083, "seconds_per_step": 0.23139463819563388, "step": 1300, "tokens_per_second": 141610.88716453366}
{"activation": "rlb_fused_fixed_strong_ffn", "event": "train", "loss": 3.9993493580818176, "lr": 0.00019834542730395966, "seconds_per_step": 0.23195697432383894, "step": 1400, "tokens_per_second": 141267.57815978432}
{"activation": "rlb_fused_fixed_strong_ffn", "event": "train", "loss": 3.9435191702842713, "lr": 0.00018375726884464007, "seconds_per_step": 0.23129590323194862, "step": 1500, "tokens_per_second": 141671.337633419}
{"activation": "rlb_fused_fixed_strong_ffn", "event": "eval", "step": 1500, "val_loss": 3.919346809387207, "val_ppl": 50.367534430191135}
{"activation": "rlb_fused_fixed_strong_ffn", "event": "train", "loss": 3.893274042606354, "lr": 0.00016894158208607184, "seconds_per_step": 0.23408835154026747, "step": 1600, "tokens_per_second": 139981.33518558828}
{"activation": "rlb_fused_fixed_strong_ffn", "event": "train", "loss": 3.856678104400635, "lr": 0.00015407808338452719, "seconds_per_step": 0.23237080637365579, "step": 1700, "tokens_per_second": 141015.99297851796}
{"activation": "rlb_fused_fixed_strong_ffn", "event": "eval", "step": 1750, "val_loss": 3.827014923095703, "val_ppl": 45.925243035491114}
{"activation": "rlb_fused_fixed_strong_ffn", "event": "train", "loss": 3.812061414718628, "lr": 0.00013934706906184587, "seconds_per_step": 0.2331233568303287, "step": 1800, "tokens_per_second": 140560.77625824997}
{"activation": "rlb_fused_fixed_strong_ffn", "event": "train", "loss": 3.789262990951538, "lr": 0.00012492722838578892, "seconds_per_step": 0.23278732931241394, "step": 1900, "tokens_per_second": 140763.67513982457}
{"activation": "rlb_fused_fixed_strong_ffn", "event": "train", "loss": 3.7523616123199464, "lr": 0.00011099347604418394, "seconds_per_step": 0.2332154355943203, "step": 2000, "tokens_per_second": 140505.27966339304}
{"activation": "rlb_fused_fixed_strong_ffn", "event": "eval", "step": 2000, "val_loss": 3.7523436546325684, "val_ppl": 42.62085360029249}
{"activation": "rlb_fused_fixed_strong_ffn", "event": "train", "loss": 3.7324126839637755, "lr": 9.771483040525382e-05, "seconds_per_step": 0.2325926065258682, "step": 2100, "tokens_per_second": 140881.52022302416}
{"activation": "rlb_fused_fixed_strong_ffn", "event": "train", "loss": 3.7036810421943667, "lr": 8.52523633011278e-05, "seconds_per_step": 0.23322562828660012, "step": 2200, "tokens_per_second": 140499.13914148803}
{"activation": "rlb_fused_fixed_strong_ffn", "event": "eval", "step": 2250, "val_loss": 3.699695110321045, "val_ppl": 40.43497427417993}
{"activation": "rlb_fused_fixed_strong_ffn", "event": "train", "loss": 3.6734776449203492, "lr": 7.375724620395004e-05, "seconds_per_step": 0.2327866744622588, "step": 2300, "tokens_per_second": 140764.07112088628}
{"activation": "rlb_fused_fixed_strong_ffn", "event": "train", "loss": 3.6761123394966124, "lr": 6.336891649474038e-05, "seconds_per_step": 0.23253200793638826, "step": 2400, "tokens_per_second": 140918.2344005048}
{"activation": "rlb_fused_fixed_strong_ffn", "event": "train", "loss": 3.6464148712158204, "lr": 5.4213386068425985e-05, "seconds_per_step": 0.231907963398844, "step": 2500, "tokens_per_second": 141297.43334274538}
{"activation": "rlb_fused_fixed_strong_ffn", "event": "eval", "step": 2500, "val_loss": 3.6592330932617188, "val_ppl": 38.83155127077554}
{"activation": "rlb_fused_fixed_strong_ffn", "event": "train", "loss": 3.6368220496177672, "lr": 4.6401712791899525e-05, "seconds_per_step": 0.23374860236421227, "step": 2600, "tokens_per_second": 140184.79541085332}
{"activation": "rlb_fused_fixed_strong_ffn", "event": "train", "loss": 3.6182084345817564, "lr": 4.0028653356533017e-05, "seconds_per_step": 0.23308395450934769, "step": 2700, "tokens_per_second": 140584.5377429696}
{"activation": "rlb_fused_fixed_strong_ffn", "event": "eval", "step": 2750, "val_loss": 3.6362221240997314, "val_ppl": 37.94820198138978}
{"activation": "rlb_fused_fixed_strong_ffn", "event": "train", "loss": 3.5996819639205935, "lr": 3.5171513866234814e-05, "seconds_per_step": 0.23248404359444977, "step": 2800, "tokens_per_second": 140947.3075802192}
{"activation": "rlb_fused_fixed_strong_ffn", "event": "train", "loss": 3.5953889322280883, "lr": 3.1889212103577255e-05, "seconds_per_step": 0.23160089476034046, "step": 2900, "tokens_per_second": 141484.77290602948}
{"activation": "rlb_fused_fixed_strong_ffn", "event": "train", "loss": 3.5947798705101013, "lr": 3.0221562848839087e-05, "seconds_per_step": 0.23239095168188215, "step": 3000, "tokens_per_second": 141003.7687046259}
{"activation": "rlb_fused_fixed_strong_ffn", "event": "eval", "step": 3000, "val_loss": 3.6187584400177, "val_ppl": 37.29123975749601}
{"activation": "rlb_fused_fixed_strong_ffn", "event": "train", "loss": 3.588173183740354, "lr": 3.0000081961338016e-05, "seconds_per_step": 0.23222569797188045, "step": 3051, "tokens_per_second": 141104.10814210487}
{"activation": "rlb_fused_fixed_strong_ffn", "event": "eval", "step": 3051, "val_loss": 3.615886688232422, "val_ppl": 37.18430219570662}
{"activation": "rlb_fused_fixed_strong_ffn", "event": "summary", "mean_seconds_per_step": 0.2321196916205558, "steps": 3051, "tokens_per_second": 141168.54873978373, "total_seconds": 729.9539282489568}
Warning: You are sending unauthenticated requests to the HF Hub. Please set a HF_TOKEN to enable higher rate limits and faster downloads.
Warning: You are sending unauthenticated requests to the HF Hub. Please set a HF_TOKEN to enable higher rate limits and faster downloads.
{"activation": "rlb_fused_fixed_strong_h2880_ffn", "batch_size_per_gpu": 32, "birational_alpha_init": 0.001, "birational_denominator_init": 0.001, "birational_eps": 1e-06, "d_model": 768, "dataset": "Salesforce/wikitext", "dataset_config": "wikitext-103-raw-v1", "event": "config", "ffn_dim": 2048, "global_tokens_per_step": 32768, "grad_accum": 1, "heads": 12, "layers": 12, "muon_adjust_lr_fn": null, "muon_momentum": null, "muon_ns_steps": null, "optimizer": "rational_adaptive_metric_onpolicy", "optimizer_lr": 0.0003, "optimizer_min_lr": 3e-05, "optimizer_weight_decay": 0.1, "params": 120014880, "post_rational_init": "identity", "rapm_beta": null, "rapm_groups": null, "rapm_hidden_dim": null, "rapm_kappa": null, "rational_adaptive_coeff_depth_gain": 0.2, "rational_adaptive_coeff_end": 0.65, "rational_adaptive_coeff_late_decay": 0.35, "rational_adaptive_coeff_max_blend": 0.85, "rational_adaptive_coeff_metric_damping": 0.03, "rational_adaptive_coeff_norm_clip": 3.0, "rational_adaptive_coeff_start": 0.02, "rational_adaptive_coeff_strength": 0.0, "rational_adaptive_every": 5, "rational_adaptive_matrix_depth_gain": 0.1, "rational_adaptive_matrix_strength": 0.55, "rational_adaptive_matrix_time_gain": 0.15, "rational_adaptive_max_scale": 2.0, "rational_adaptive_min_scale": 0.5, "rational_adaptive_quotient_strength": 0.0, "rational_adaptive_stat_every": 4, "rational_adaptive_stat_samples": 512, "rational_basis_count": null, "rational_basis_eps": 1e-06, "rational_basis_groups": null, "rational_basis_hidden_dim": null, "rational_coeff_atom_lr_scale": 2.25, "rational_coeff_center_lr_scale": 0.1, "rational_coeff_curve_decay": 0.95, "rational_coeff_den_lr_scale": 1.125, "rational_coeff_eps": 1e-08, "rational_coeff_num_lr_scale": 1.0, "rational_coeff_other_lr_scale": 0.25, "rational_coeff_parameters": 2592, "rational_coeff_probe_points": 257, "rational_coeff_probe_range": 5.0, "rational_coeff_trust": 0.01, "rational_group_size": 256, "rational_init": "silu", "rational_jacobian_every": null, "rational_jacobian_matrix_strength": null, "rational_jacobian_max_scale": null, "rational_jacobian_min_scale": null, "rational_onpolicy_activity_gain_max": 1.25, "rational_onpolicy_activity_gain_min": 0.75, "rational_onpolicy_pressure_clip": 1.25, "rational_onpolicy_pressure_weight": 0.25, "rational_onpolicy_rational_activity_weight": 0.1, "rational_onpolicy_stat_decay": 0.95, "rational_quotient_strength": null, "rcq_base_init": null, "rcq_beta": null, "rcq_coeff_limit": null, "rcq_groups": null, "rcq_hidden_dim": null, "rcq_init": null, "rcq_input_affine": null, "rda_base_init": null, "rda_coeff_limit": null, "rda_denominator_limit": null, "rda_dynamic_init": null, "rda_groups": null, "rda_hidden_dim": null, "rda_input_affine": null, "rda_moment_affine_init": null, "rgc_base_init": null, "rgc_beta": null, "rgc_coeff_limit": null, "rgc_groups": null, "rgc_hidden_dim": null, "rgc_init": null, "rgc_input_affine": null, "rgc_moment_init": null, "rhg_conditional_value_basis_count": null, "rhg_conditional_value_dim": null, "rhg_diag_activation": null, "rhg_diag_groups": null, "rhg_gate_basis_count": null, "rhg_gate_groups": null, "rhg_gate_rank": null, "rhg_gate_residual": null, "rhg_hidden_dim": null, "rhg_value_activation": null, "rhg_value_residual": null, "rhg_value_residual_condition": null, "rhg_value_residual_condition_init": null, "rhg_value_residual_condition_mode": null, "rhg_value_residual_cross_rank": null, "rhg_value_residual_moment_condition": null, "rhg_value_residual_normalized": null, "rhg_value_residual_odd": null, "rhg_value_residual_safe_gate_multiplier_init": null, "rhg_value_residual_scale_init": null, "rhg_value_residual_scale_mode": null, "rhg_value_residual_scale_schedule": null, "rkdm_expert_rank": null, "rkdm_experts": null, "rkdm_hidden_dim": null, "rkdm_latent_groups": null, "rkdm_query_rank": null, "rkm_expert_rank": null, "rkm_experts": null, "rkm_hidden_dim": null, "rkm_latent_groups": null, "rkm_query_rank": null, "rlb_atom_scale_init": null, "rlb_atom_scale_limit": 1.0, "rlb_base_init": "silu", "rlb_beta": 0.75, "rlb_center_odd": false, "rlb_centers": [-1.5, -0.5, 0.5, 1.5], "rlb_coeff_limit": 0.6, "rlb_fused": true, "rlb_gauge_depth_gain": 0.15, "rlb_gauge_end": 0.35, "rlb_gauge_every": 5, "rlb_gauge_max_log_step": 0.03, "rlb_gauge_parameters": 2592, "rlb_gauge_start": 0.03, "rlb_gauge_strength": 0.5, "rlb_groups": 12, "rlb_hidden_dim": 2880, "rlb_input_affine": false, "rlb_train_centers": false, "rlbx_base_init": null, "rlbx_beta": null, "rlbx_centers": null, "rlbx_coeff_limit": null, "rlbx_groups": null, "rlbx_hidden_dim": null, "rlbx_input_affine": null, "rma_base_init": null, "rma_basis_center": null, "rma_basis_den_scale_init": null, "rma_basis_init": null, "rma_basis_mode": null, "rma_coeff_limit": null, "rma_groups": null, "rma_hidden_dim": null, "rma_input_affine": null, "rma_linear_skip_init": null, "rma_moment_affine_init": null, "rma_normalize": null, "rma_output_norm_init": null, "rma_pair_beta": null, "rma_pair_init": null, "rma_radial_init": null, "rmb_basis_count": null, "rmb_groups": null, "rmb_hidden_dim": null, "rmb_mix_init": null, "rpb_basis_count": null, "rpb_groups": null, "rpb_hidden_dim": null, "rpb_mode": null, "rpb_normalize": null, "rpf_curvature": null, "rpf_groups": null, "rpf_hidden_dim": null, "rqm_beta": null, "rqm_coeff_groups": null, "rqm_hidden_dim": null, "rqm_kappa": null, "rqm_latent_groups": null, "rqm_rank": null, "rsm_even_basis_scale": null, "rsm_even_gate_scale": null, "rsm_groups": null, "rsm_hidden_dim": null, "rsm_odd_scale": null, "rwf_groups": null, "rwf_hidden_dim": null, "rwf_init": null, "seed": 1337, "seq_len": 256, "steps": 3051, "tokenizer": "gpt2", "train_tokens": 100000000, "val_tokens": 249750, "world_size": 4}
{"activation": "rlb_fused_fixed_strong_h2880_ffn", "event": "train", "loss": 10.994918823242188, "lr": 1.4999999999999998e-06, "seconds_per_step": 0.8784418236464262, "step": 1, "tokens_per_second": 37302.41333908659}
{"activation": "rlb_fused_fixed_strong_h2880_ffn", "event": "train", "loss": 8.260731393640691, "lr": 0.00015, "seconds_per_step": 0.2308640834130347, "step": 100, "tokens_per_second": 141936.32684463687}
{"activation": "rlb_fused_fixed_strong_h2880_ffn", "event": "train", "loss": 6.240594358444214, "lr": 0.0003, "seconds_per_step": 0.22810029048472644, "step": 200, "tokens_per_second": 143656.10815473355}
{"activation": "rlb_fused_fixed_strong_h2880_ffn", "event": "eval", "step": 250, "val_loss": 5.5081281661987305, "val_ppl": 246.68893394326435}
{"activation": "rlb_fused_fixed_strong_h2880_ffn", "event": "train", "loss": 5.551992268562317, "lr": 0.0002991974931904883, "seconds_per_step": 0.23174597050994636, "step": 300, "tokens_per_second": 141396.20174579744}
{"activation": "rlb_fused_fixed_strong_h2880_ffn", "event": "train", "loss": 5.178698420524597, "lr": 0.0002967672339469152, "seconds_per_step": 0.2283592629060149, "step": 400, "tokens_per_second": 143493.19393926323}
{"activation": "rlb_fused_fixed_strong_h2880_ffn", "event": "train", "loss": 4.937797675132751, "lr": 0.0002927386196930815, "seconds_per_step": 0.2271155528537929, "step": 500, "tokens_per_second": 144278.97864438465}
{"activation": "rlb_fused_fixed_strong_h2880_ffn", "event": "eval", "step": 500, "val_loss": 4.779402256011963, "val_ppl": 119.03317740925216}
{"activation": "rlb_fused_fixed_strong_h2880_ffn", "event": "train", "loss": 4.745561003684998, "lr": 0.0002871605180843529, "seconds_per_step": 0.22688198562711479, "step": 600, "tokens_per_second": 144427.50890700897}
{"activation": "rlb_fused_fixed_strong_h2880_ffn", "event": "train", "loss": 4.605714468955994, "lr": 0.0002801005922748156, "seconds_per_step": 0.22763958901166917, "step": 700, "tokens_per_second": 143946.84220906874}
{"activation": "rlb_fused_fixed_strong_h2880_ffn", "event": "eval", "step": 750, "val_loss": 4.440393924713135, "val_ppl": 84.80834319681864}
{"activation": "rlb_fused_fixed_strong_h2880_ffn", "event": "train", "loss": 4.476879162788391, "lr": 0.00027164448015373646, "seconds_per_step": 0.22680673342198132, "step": 800, "tokens_per_second": 144475.42850958515}
{"activation": "rlb_fused_fixed_strong_h2880_ffn", "event": "train", "loss": 4.3742714738845825, "lr": 0.0002618947555459671, "seconds_per_step": 0.2269774073176086, "step": 900, "tokens_per_second": 144366.7913350859}
{"activation": "rlb_fused_fixed_strong_h2880_ffn", "event": "train", "loss": 4.278544521331787, "lr": 0.00025096968397707634, "seconds_per_step": 0.2272759353555739, "step": 1000, "tokens_per_second": 144177.1648579264}
{"activation": "rlb_fused_fixed_strong_h2880_ffn", "event": "eval", "step": 1000, "val_loss": 4.204861640930176, "val_ppl": 67.01132540021838}
{"activation": "rlb_fused_fixed_strong_h2880_ffn", "event": "train", "loss": 4.190308289527893, "lr": 0.0002390017880959545, "seconds_per_step": 0.2263132275827229, "step": 1100, "tokens_per_second": 144790.47623507783}
{"activation": "rlb_fused_fixed_strong_h2880_ffn", "event": "train", "loss": 4.112502088546753, "lr": 0.00022613624015651394, "seconds_per_step": 0.22714388700202107, "step": 1200, "tokens_per_second": 144260.9811449975}
{"activation": "rlb_fused_fixed_strong_h2880_ffn", "event": "eval", "step": 1250, "val_loss": 4.032567501068115, "val_ppl": 56.40554679335382}
{"activation": "rlb_fused_fixed_strong_h2880_ffn", "event": "train", "loss": 4.045656983852386, "lr": 0.0002125291010579083, "seconds_per_step": 0.2285651754774153, "step": 1300, "tokens_per_second": 143363.9220478617}
{"activation": "rlb_fused_fixed_strong_h2880_ffn", "event": "train", "loss": 3.991190667152405, "lr": 0.00019834542730395966, "seconds_per_step": 0.22791767789050937, "step": 1400, "tokens_per_second": 143771.20854899898}
{"activation": "rlb_fused_fixed_strong_h2880_ffn", "event": "train", "loss": 3.937118034362793, "lr": 0.00018375726884464007, "seconds_per_step": 0.22803319377824663, "step": 1500, "tokens_per_second": 143698.37766630415}
{"activation": "rlb_fused_fixed_strong_h2880_ffn", "event": "eval", "step": 1500, "val_loss": 3.9118711948394775, "val_ppl": 49.99241004669879}
{"activation": "rlb_fused_fixed_strong_h2880_ffn", "event": "train", "loss": 3.888578407764435, "lr": 0.00016894158208607184, "seconds_per_step": 0.22838582661002874, "step": 1600, "tokens_per_second": 143476.5041525616}
{"activation": "rlb_fused_fixed_strong_h2880_ffn", "event": "train", "loss": 3.85209689617157, "lr": 0.00015407808338452719, "seconds_per_step": 0.22802115704864265, "step": 1700, "tokens_per_second": 143705.96318397665}
{"activation": "rlb_fused_fixed_strong_h2880_ffn", "event": "eval", "step": 1750, "val_loss": 3.825350761413574, "val_ppl": 45.84887956399422}
{"activation": "rlb_fused_fixed_strong_h2880_ffn", "event": "train", "loss": 3.809734728336334, "lr": 0.00013934706906184587, "seconds_per_step": 0.22871531501412393, "step": 1800, "tokens_per_second": 143269.81119728019}
{"activation": "rlb_fused_fixed_strong_h2880_ffn", "event": "train", "loss": 3.786943082809448, "lr": 0.00012492722838578892, "seconds_per_step": 0.22766923831775784, "step": 1900, "tokens_per_second": 143928.09604899594}
{"activation": "rlb_fused_fixed_strong_h2880_ffn", "event": "train", "loss": 3.750012559890747, "lr": 0.00011099347604418394, "seconds_per_step": 0.22740258991718293, "step": 2000, "tokens_per_second": 144096.86368098832}
{"activation": "rlb_fused_fixed_strong_h2880_ffn", "event": "eval", "step": 2000, "val_loss": 3.7527923583984375, "val_ppl": 42.639982028985564}
{"activation": "rlb_fused_fixed_strong_h2880_ffn", "event": "train", "loss": 3.7319064950942993, "lr": 9.771483040525382e-05, "seconds_per_step": 0.22719699861481785, "step": 2100, "tokens_per_second": 144227.25740120257}
{"activation": "rlb_fused_fixed_strong_h2880_ffn", "event": "train", "loss": 3.7033319234848023, "lr": 8.52523633011278e-05, "seconds_per_step": 0.22654606498777866, "step": 2200, "tokens_per_second": 144641.6648277149}
{"activation": "rlb_fused_fixed_strong_h2880_ffn", "event": "eval", "step": 2250, "val_loss": 3.700490951538086, "val_ppl": 40.46716690172812}
{"activation": "rlb_fused_fixed_strong_h2880_ffn", "event": "train", "loss": 3.6730855894088745, "lr": 7.375724620395004e-05, "seconds_per_step": 0.22672446586191655, "step": 2300, "tokens_per_second": 144527.85179327274}
{"activation": "rlb_fused_fixed_strong_h2880_ffn", "event": "train", "loss": 3.6755436873435974, "lr": 6.336891649474038e-05, "seconds_per_step": 0.226701006218791, "step": 2400, "tokens_per_second": 144542.8079325565}
{"activation": "rlb_fused_fixed_strong_h2880_ffn", "event": "train", "loss": 3.64701167345047, "lr": 5.4213386068425985e-05, "seconds_per_step": 0.22731744548305868, "step": 2500, "tokens_per_second": 144150.83686325388}
{"activation": "rlb_fused_fixed_strong_h2880_ffn", "event": "eval", "step": 2500, "val_loss": 3.6578712463378906, "val_ppl": 38.77870463481184}
{"activation": "rlb_fused_fixed_strong_h2880_ffn", "event": "train", "loss": 3.6368975043296814, "lr": 4.6401712791899525e-05, "seconds_per_step": 0.22670428410172463, "step": 2600, "tokens_per_second": 144540.7180099722}
{"activation": "rlb_fused_fixed_strong_h2880_ffn", "event": "train", "loss": 3.6180302834510805, "lr": 4.0028653356533017e-05, "seconds_per_step": 0.22704919530078768, "step": 2700, "tokens_per_second": 144321.14571729698}
{"activation": "rlb_fused_fixed_strong_h2880_ffn", "event": "eval", "step": 2750, "val_loss": 3.634866952896118, "val_ppl": 37.89681050082797}
{"activation": "rlb_fused_fixed_strong_h2880_ffn", "event": "train", "loss": 3.600991122722626, "lr": 3.5171513866234814e-05, "seconds_per_step": 0.22649635948240757, "step": 2800, "tokens_per_second": 144673.4070025755}
{"activation": "rlb_fused_fixed_strong_h2880_ffn", "event": "train", "loss": 3.596823182106018, "lr": 3.1889212103577255e-05, "seconds_per_step": 0.22758703112602233, "step": 2900, "tokens_per_second": 143980.08462026686}
{"activation": "rlb_fused_fixed_strong_h2880_ffn", "event": "train", "loss": 3.595276336669922, "lr": 3.0221562848839087e-05, "seconds_per_step": 0.2269792821444571, "step": 3000, "tokens_per_second": 144365.59887939625}
{"activation": "rlb_fused_fixed_strong_h2880_ffn", "event": "eval", "step": 3000, "val_loss": 3.6179375648498535, "val_ppl": 37.2606408654544}
{"activation": "rlb_fused_fixed_strong_h2880_ffn", "event": "train", "loss": 3.588158990822586, "lr": 3.0000081961338016e-05, "seconds_per_step": 0.227206616345793, "step": 3051, "tokens_per_second": 144221.1522138481}
{"activation": "rlb_fused_fixed_strong_h2880_ffn", "event": "eval", "step": 3051, "val_loss": 3.615114450454712, "val_ppl": 37.15559815741116}
{"activation": "rlb_fused_fixed_strong_h2880_ffn", "event": "summary", "mean_seconds_per_step": 0.22740004005036557, "steps": 3051, "tokens_per_second": 144098.47945823756, "total_seconds": 715.5497602559626}
